 ============================================== 
 RUNNING A ONE-DIMENSIONAL LASER-FLUID ANALYSIS 
 Revision: 4+ | c64568b34605+
 ============================================== 
Successful Completion.
Total Computation Time: 0 sec.
